--------------------------------------------------------------------------------------
Timing Analyzer Summary
--------------------------------------------------------------------------------------

Type           : Worst-case tsu
Slack          : N/A
Required Time  : None
Actual Time    : 5.419 ns
From           : clk
To             : b[8]
From Clock     : --
To Clock       : in
Failed Paths   : 0

Type           : Worst-case tco
Slack          : N/A
Required Time  : None
Actual Time    : 6.476 ns
From           : speed[9]~reg0
To             : speed[9]
From Clock     : clk
To Clock       : --
Failed Paths   : 0

Type           : Worst-case th
Slack          : N/A
Required Time  : None
Actual Time    : -3.312 ns
From           : rst
To             : N[8]
From Clock     : --
To Clock       : in
Failed Paths   : 0

Type           : Clock Setup: 'clk'
Slack          : N/A
Required Time  : None
Actual Time    : 236.97 MHz ( period = 4.220 ns )
From           : c[1]
To             : speed[9]~reg0
From Clock     : clk
To Clock       : clk
Failed Paths   : 0

Type           : Clock Setup: 'in'
Slack          : N/A
Required Time  : None
Actual Time    : Restricted to 500.00 MHz ( period = 2.000 ns )
From           : b[0]
To             : b[8]
From Clock     : in
To Clock       : in
Failed Paths   : 0

Type           : Total number of failed paths
Slack          : 
Required Time  : 
Actual Time    : 
From           : 
To             : 
From Clock     : 
To Clock       : 
Failed Paths   : 0

--------------------------------------------------------------------------------------

